[0.019s] Invoking command in '/home/subbu/slam_ws/build/ov_msckf': AMENT_PREFIX_PATH=/home/subbu/slam_ws/install/ov_init:/home/subbu/slam_ws/install/ov_core:${AMENT_PREFIX_PATH} CMAKE_PREFIX_PATH=/home/subbu/slam_ws/install/ov_init:/home/subbu/slam_ws/install/ov_core:/opt/ros/humble LD_LIBRARY_PATH=/home/subbu/slam_ws/install/ov_init/lib:/home/subbu/slam_ws/install/ov_core/lib:${LD_LIBRARY_PATH} /usr/bin/cmake /home/subbu/slam_ws/src/open_vins/ov_msckf -DAMENT_CMAKE_SYMLINK_INSTALL=1 -DCMAKE_INSTALL_PREFIX=/home/subbu/slam_ws/install/ov_msckf
[0.084s] -- Found required Ceres dependency: Eigen version 3.4.0 in /usr/include/eigen3
[0.086s] -- Found required Ceres dependency: glog
[0.087s] -- Found required Ceres dependency: gflags
[0.088s] -- Found Ceres version: 2.0.0 installed in: /usr with components: [EigenSparse, SparseLinearAlgebraLibrary, LAPACK, SuiteSparse, CXSparse, SchurSpecializations, Multithreading]
[0.089s] -- OPENCV: 4.5.4 | BOOST: 1.74.0 | CERES: 2.0.0
[0.293s] -- Override CMake install command with custom implementation using symlinks instead of copying resources
[0.304s] -- ROS *2* version found, building ROS2.cmake
[0.306s] -- Found rclcpp: 16.0.16 (/opt/ros/humble/share/rclcpp/cmake)
[0.350s] -- Found rosidl_generator_c: 3.1.7 (/opt/ros/humble/share/rosidl_generator_c/cmake)
[0.354s] -- Found rosidl_adapter: 3.1.7 (/opt/ros/humble/share/rosidl_adapter/cmake)
[0.364s] -- Found rosidl_generator_cpp: 3.1.7 (/opt/ros/humble/share/rosidl_generator_cpp/cmake)
[0.380s] -- Using all available rosidl_typesupport_c: rosidl_typesupport_fastrtps_c;rosidl_typesupport_introspection_c
[0.400s] -- Using all available rosidl_typesupport_cpp: rosidl_typesupport_fastrtps_cpp;rosidl_typesupport_introspection_cpp
[0.452s] -- Found rmw_implementation_cmake: 6.1.2 (/opt/ros/humble/share/rmw_implementation_cmake/cmake)
[0.455s] -- Found rmw_fastrtps_cpp: 6.2.9 (/opt/ros/humble/share/rmw_fastrtps_cpp/cmake)
[0.592s] -- Using RMW implementation 'rmw_fastrtps_cpp' as default
[0.650s] -- Found tf2_ros: 0.25.17 (/opt/ros/humble/share/tf2_ros/cmake)
[0.768s] -- Found tf2_geometry_msgs: 0.25.17 (/opt/ros/humble/share/tf2_geometry_msgs/cmake)
[0.780s] -- Found eigen3_cmake_module: 0.1.1 (/opt/ros/humble/share/eigen3_cmake_module/cmake)
[0.783s] -- Ensuring Eigen3 include directory is part of orocos-kdl CMake target
[0.785s] -- Found sensor_msgs: 4.9.0 (/opt/ros/humble/share/sensor_msgs/cmake)
[0.808s] -- Found nav_msgs: 4.9.0 (/opt/ros/humble/share/nav_msgs/cmake)
[0.827s] -- Found cv_bridge: 3.2.1 (/opt/ros/humble/share/cv_bridge/cmake)
[0.830s] -- Found image_transport: 3.1.12 (/opt/ros/humble/share/image_transport/cmake)
[0.851s] -- Found ov_core: 2.7.0 (/home/subbu/slam_ws/install/ov_core/share/ov_core/cmake)
[0.853s] -- Found ov_init: 2.7.0 (/home/subbu/slam_ws/install/ov_init/share/ov_init/cmake)
[0.986s] -- Configuring done
[1.098s] -- Generating done
[1.122s] -- Build files have been written to: /home/subbu/slam_ws/build/ov_msckf
[1.135s] Invoked command in '/home/subbu/slam_ws/build/ov_msckf' returned '0': AMENT_PREFIX_PATH=/home/subbu/slam_ws/install/ov_init:/home/subbu/slam_ws/install/ov_core:${AMENT_PREFIX_PATH} CMAKE_PREFIX_PATH=/home/subbu/slam_ws/install/ov_init:/home/subbu/slam_ws/install/ov_core:/opt/ros/humble LD_LIBRARY_PATH=/home/subbu/slam_ws/install/ov_init/lib:/home/subbu/slam_ws/install/ov_core/lib:${LD_LIBRARY_PATH} /usr/bin/cmake /home/subbu/slam_ws/src/open_vins/ov_msckf -DAMENT_CMAKE_SYMLINK_INSTALL=1 -DCMAKE_INSTALL_PREFIX=/home/subbu/slam_ws/install/ov_msckf
[1.138s] Invoking command in '/home/subbu/slam_ws/build/ov_msckf': AMENT_PREFIX_PATH=/home/subbu/slam_ws/install/ov_init:/home/subbu/slam_ws/install/ov_core:${AMENT_PREFIX_PATH} CMAKE_PREFIX_PATH=/home/subbu/slam_ws/install/ov_init:/home/subbu/slam_ws/install/ov_core:/opt/ros/humble LD_LIBRARY_PATH=/home/subbu/slam_ws/install/ov_init/lib:/home/subbu/slam_ws/install/ov_core/lib:${LD_LIBRARY_PATH} /usr/bin/cmake --build /home/subbu/slam_ws/build/ov_msckf -- -j8 -l8
[1.233s] [35m[1mConsolidate compiler generated dependencies of target ov_msckf_lib[0m
[1.262s] [ 13%] [32mBuilding CXX object CMakeFiles/ov_msckf_lib.dir/src/state/StateHelper.cpp.o[0m
[1.263s] [ 13%] [32mBuilding CXX object CMakeFiles/ov_msckf_lib.dir/src/sim/Simulator.cpp.o[0m
[1.263s] [ 13%] [32mBuilding CXX object CMakeFiles/ov_msckf_lib.dir/src/state/State.cpp.o[0m
[1.263s] [ 18%] [32mBuilding CXX object CMakeFiles/ov_msckf_lib.dir/src/state/Propagator.cpp.o[0m
[1.264s] [ 22%] [32mBuilding CXX object CMakeFiles/ov_msckf_lib.dir/src/core/VioManager.cpp.o[0m
[1.264s] [ 27%] [32mBuilding CXX object CMakeFiles/ov_msckf_lib.dir/src/core/VioManagerHelper.cpp.o[0m
[1.264s] [ 31%] [32mBuilding CXX object CMakeFiles/ov_msckf_lib.dir/src/update/UpdaterHelper.cpp.o[0m
[1.264s] [ 36%] [32mBuilding CXX object CMakeFiles/ov_msckf_lib.dir/src/update/UpdaterMSCKF.cpp.o[0m
[24.951s] gmake[2]: *** [CMakeFiles/ov_msckf_lib.dir/build.make:104: CMakeFiles/ov_msckf_lib.dir/src/state/State.cpp.o] Interrupt
[24.987s] gmake[2]: *** [CMakeFiles/ov_msckf_lib.dir/build.make:90: CMakeFiles/ov_msckf_lib.dir/src/sim/Simulator.cpp.o] Interrupt
[24.987s] gmake[2]: *** [CMakeFiles/ov_msckf_lib.dir/build.make:118: CMakeFiles/ov_msckf_lib.dir/src/state/StateHelper.cpp.o] Interrupt
[24.988s] gmake[2]: *** [CMakeFiles/ov_msckf_lib.dir/build.make:132: CMakeFiles/ov_msckf_lib.dir/src/state/Propagator.cpp.o] Interrupt
[24.988s] gmake[2]: *** [CMakeFiles/ov_msckf_lib.dir/build.make:146: CMakeFiles/ov_msckf_lib.dir/src/core/VioManager.cpp.o] Interrupt
[24.989s] gmake[2]: *** [CMakeFiles/ov_msckf_lib.dir/build.make:160: CMakeFiles/ov_msckf_lib.dir/src/core/VioManagerHelper.cpp.o] Interrupt
[24.989s] gmake[2]: *** [CMakeFiles/ov_msckf_lib.dir/build.make:174: CMakeFiles/ov_msckf_lib.dir/src/update/UpdaterHelper.cpp.o] Interrupt
[24.989s] gmake[2]: *** [CMakeFiles/ov_msckf_lib.dir/build.make:188: CMakeFiles/ov_msckf_lib.dir/src/update/UpdaterMSCKF.cpp.o] Interrupt
[24.989s] gmake[1]: *** [CMakeFiles/Makefile2:145: CMakeFiles/ov_msckf_lib.dir/all] Interrupt
[24.989s] gmake: *** [Makefile:146: all] Interrupt
