[0.031s] Invoking command in '/home/subbu/slam_ws/build/ov_data': CMAKE_PREFIX_PATH=/opt/ros/humble /usr/bin/cmake --build /home/subbu/slam_ws/build/ov_data -- -j8 -l8
[0.146s] Invoked command in '/home/subbu/slam_ws/build/ov_data' returned '0': CMAKE_PREFIX_PATH=/opt/ros/humble /usr/bin/cmake --build /home/subbu/slam_ws/build/ov_data -- -j8 -l8
[0.162s] Invoking command in '/home/subbu/slam_ws/build/ov_data': CMAKE_PREFIX_PATH=/opt/ros/humble /usr/bin/cmake --install /home/subbu/slam_ws/build/ov_data
[0.176s] -- Install configuration: ""
[0.177s] -- Execute custom install script
[0.179s] -- Up-to-date symlink: /home/subbu/slam_ws/install/ov_data/share/ament_index/resource_index/package_run_dependencies/ov_data
[0.179s] -- Up-to-date symlink: /home/subbu/slam_ws/install/ov_data/share/ament_index/resource_index/parent_prefix_path/ov_data
[0.180s] -- Up-to-date symlink: /home/subbu/slam_ws/install/ov_data/share/ov_data/environment/ament_prefix_path.sh
[0.181s] -- Up-to-date symlink: /home/subbu/slam_ws/install/ov_data/share/ov_data/environment/ament_prefix_path.dsv
[0.181s] -- Up-to-date symlink: /home/subbu/slam_ws/install/ov_data/share/ov_data/environment/path.sh
[0.181s] -- Up-to-date symlink: /home/subbu/slam_ws/install/ov_data/share/ov_data/environment/path.dsv
[0.182s] -- Up-to-date symlink: /home/subbu/slam_ws/install/ov_data/share/ov_data/local_setup.bash
[0.182s] -- Up-to-date symlink: /home/subbu/slam_ws/install/ov_data/share/ov_data/local_setup.sh
[0.183s] -- Up-to-date symlink: /home/subbu/slam_ws/install/ov_data/share/ov_data/local_setup.zsh
[0.183s] -- Up-to-date symlink: /home/subbu/slam_ws/install/ov_data/share/ov_data/local_setup.dsv
[0.183s] -- Symlinking: /home/subbu/slam_ws/install/ov_data/share/ov_data/package.dsv
[0.199s] -- Up-to-date symlink: /home/subbu/slam_ws/install/ov_data/share/ament_index/resource_index/packages/ov_data
[0.199s] -- Up-to-date symlink: /home/subbu/slam_ws/install/ov_data/share/ov_data/cmake/ov_dataConfig.cmake
[0.200s] -- Up-to-date symlink: /home/subbu/slam_ws/install/ov_data/share/ov_data/cmake/ov_dataConfig-version.cmake
[0.200s] -- Up-to-date symlink: /home/subbu/slam_ws/install/ov_data/share/ov_data/package.xml
[0.204s] Invoked command in '/home/subbu/slam_ws/build/ov_data' returned '0': CMAKE_PREFIX_PATH=/opt/ros/humble /usr/bin/cmake --install /home/subbu/slam_ws/build/ov_data
