[0.021s] Invoking command in '/home/subbu/slam_ws/build/ov_init': AMENT_PREFIX_PATH=/home/subbu/slam_ws/install/ov_core:${AMENT_PREFIX_PATH} CMAKE_PREFIX_PATH=/home/subbu/slam_ws/install/ov_core:/opt/ros/humble LD_LIBRARY_PATH=/home/subbu/slam_ws/install/ov_core/lib:${LD_LIBRARY_PATH} /usr/bin/cmake /home/subbu/slam_ws/src/open_vins/ov_init -DAMENT_CMAKE_SYMLINK_INSTALL=1 -DCMAKE_INSTALL_PREFIX=/home/subbu/slam_ws/install/ov_init
[0.095s] -- Found required Ceres dependency: Eigen version 3.4.0 in /usr/include/eigen3
[0.100s] -- Found required Ceres dependency: glog
[0.101s] -- Found required Ceres dependency: gflags
[0.102s] -- Found Ceres version: 2.0.0 installed in: /usr with components: [EigenSparse, SparseLinearAlgebraLibrary, LAPACK, SuiteSparse, CXSparse, SchurSpecializations, Multithreading]
[0.103s] -- OPENCV: 4.5.4 | BOOST: 1.74.0 | CERES: 2.0.0
[0.106s] -- PYTHON VERSION: 3.10.12
[0.107s] -- PYTHON INCLUDE: /usr/include/python3.10
[0.107s] -- PYTHON LIBRARIES: /usr/lib/x86_64-linux-gnu/libpython3.10.so
[0.315s] -- Override CMake install command with custom implementation using symlinks instead of copying resources
[0.332s] -- ROS *2* version found, building ROS2.cmake
[0.334s] -- Found rclcpp: 16.0.16 (/opt/ros/humble/share/rclcpp/cmake)
[0.388s] -- Found rosidl_generator_c: 3.1.7 (/opt/ros/humble/share/rosidl_generator_c/cmake)
[0.394s] -- Found rosidl_adapter: 3.1.7 (/opt/ros/humble/share/rosidl_adapter/cmake)
[0.404s] -- Found rosidl_generator_cpp: 3.1.7 (/opt/ros/humble/share/rosidl_generator_cpp/cmake)
[0.419s] -- Using all available rosidl_typesupport_c: rosidl_typesupport_fastrtps_c;rosidl_typesupport_introspection_c
[0.439s] -- Using all available rosidl_typesupport_cpp: rosidl_typesupport_fastrtps_cpp;rosidl_typesupport_introspection_cpp
[0.493s] -- Found rmw_implementation_cmake: 6.1.2 (/opt/ros/humble/share/rmw_implementation_cmake/cmake)
[0.495s] -- Found rmw_fastrtps_cpp: 6.2.9 (/opt/ros/humble/share/rmw_fastrtps_cpp/cmake)
[0.651s] -- Using RMW implementation 'rmw_fastrtps_cpp' as default
[0.732s] -- Found cv_bridge: 3.2.1 (/opt/ros/humble/share/cv_bridge/cmake)
[0.786s] -- Found ov_core: 2.7.0 (/home/subbu/slam_ws/install/ov_core/share/ov_core/cmake)
[0.949s] -- Configuring done
[1.040s] -- Generating done
[1.060s] -- Build files have been written to: /home/subbu/slam_ws/build/ov_init
[1.074s] Invoked command in '/home/subbu/slam_ws/build/ov_init' returned '0': AMENT_PREFIX_PATH=/home/subbu/slam_ws/install/ov_core:${AMENT_PREFIX_PATH} CMAKE_PREFIX_PATH=/home/subbu/slam_ws/install/ov_core:/opt/ros/humble LD_LIBRARY_PATH=/home/subbu/slam_ws/install/ov_core/lib:${LD_LIBRARY_PATH} /usr/bin/cmake /home/subbu/slam_ws/src/open_vins/ov_init -DAMENT_CMAKE_SYMLINK_INSTALL=1 -DCMAKE_INSTALL_PREFIX=/home/subbu/slam_ws/install/ov_init
[1.077s] Invoking command in '/home/subbu/slam_ws/build/ov_init': AMENT_PREFIX_PATH=/home/subbu/slam_ws/install/ov_core:${AMENT_PREFIX_PATH} CMAKE_PREFIX_PATH=/home/subbu/slam_ws/install/ov_core:/opt/ros/humble LD_LIBRARY_PATH=/home/subbu/slam_ws/install/ov_core/lib:${LD_LIBRARY_PATH} /usr/bin/cmake --build /home/subbu/slam_ws/build/ov_init -- -j8 -l8
[1.189s] [35m[1mConsolidate compiler generated dependencies of target ov_init_lib[0m
[1.306s] [ 62%] Built target ov_init_lib
[1.327s] [35m[1mConsolidate compiler generated dependencies of target test_dynamic_init[0m
[1.327s] [35m[1mConsolidate compiler generated dependencies of target test_simulation[0m
[1.334s] [35m[1mConsolidate compiler generated dependencies of target test_dynamic_mle[0m
[1.380s] [ 75%] Built target test_dynamic_init
[1.386s] [ 87%] Built target test_simulation
[1.391s] [100%] Built target test_dynamic_mle
[1.410s] Invoked command in '/home/subbu/slam_ws/build/ov_init' returned '0': AMENT_PREFIX_PATH=/home/subbu/slam_ws/install/ov_core:${AMENT_PREFIX_PATH} CMAKE_PREFIX_PATH=/home/subbu/slam_ws/install/ov_core:/opt/ros/humble LD_LIBRARY_PATH=/home/subbu/slam_ws/install/ov_core/lib:${LD_LIBRARY_PATH} /usr/bin/cmake --build /home/subbu/slam_ws/build/ov_init -- -j8 -l8
[1.413s] Invoking command in '/home/subbu/slam_ws/build/ov_init': AMENT_PREFIX_PATH=/home/subbu/slam_ws/install/ov_core:${AMENT_PREFIX_PATH} CMAKE_PREFIX_PATH=/home/subbu/slam_ws/install/ov_core:/opt/ros/humble LD_LIBRARY_PATH=/home/subbu/slam_ws/install/ov_core/lib:${LD_LIBRARY_PATH} /usr/bin/cmake --install /home/subbu/slam_ws/build/ov_init
[1.424s] -- Install configuration: ""
[1.425s] -- Execute custom install script
[1.426s] -- Up-to-date symlink: /home/subbu/slam_ws/install/ov_init/share/ov_init/environment/library_path.sh
[1.426s] -- Up-to-date symlink: /home/subbu/slam_ws/install/ov_init/share/ov_init/environment/library_path.dsv
[1.427s] -- Up-to-date symlink: /home/subbu/slam_ws/install/ov_init/lib/ov_init/test_simulation
[1.428s] -- Up-to-date symlink: /home/subbu/slam_ws/install/ov_init/lib/ov_init/test_dynamic_mle
[1.429s] -- Up-to-date symlink: /home/subbu/slam_ws/install/ov_init/lib/ov_init/test_dynamic_init
[1.430s] -- Up-to-date symlink: /home/subbu/slam_ws/install/ov_init/share/ov_init/launch//display.rviz
[1.431s] -- Up-to-date symlink: /home/subbu/slam_ws/install/ov_init/share/ov_init/launch//dynamic.launch
[1.431s] -- Up-to-date symlink: /home/subbu/slam_ws/install/ov_init/share/ov_init/launch//mle.launch
[1.432s] -- Up-to-date symlink: /home/subbu/slam_ws/install/ov_init/share/ament_index/resource_index/package_run_dependencies/ov_init
[1.433s] -- Up-to-date symlink: /home/subbu/slam_ws/install/ov_init/share/ament_index/resource_index/parent_prefix_path/ov_init
[1.434s] -- Up-to-date symlink: /home/subbu/slam_ws/install/ov_init/share/ov_init/environment/ament_prefix_path.sh
[1.434s] -- Up-to-date symlink: /home/subbu/slam_ws/install/ov_init/share/ov_init/environment/ament_prefix_path.dsv
[1.435s] -- Up-to-date symlink: /home/subbu/slam_ws/install/ov_init/share/ov_init/environment/path.sh
[1.436s] -- Up-to-date symlink: /home/subbu/slam_ws/install/ov_init/share/ov_init/environment/path.dsv
[1.436s] -- Up-to-date symlink: /home/subbu/slam_ws/install/ov_init/share/ov_init/local_setup.bash
[1.437s] -- Up-to-date symlink: /home/subbu/slam_ws/install/ov_init/share/ov_init/local_setup.sh
[1.438s] -- Up-to-date symlink: /home/subbu/slam_ws/install/ov_init/share/ov_init/local_setup.zsh
[1.438s] -- Up-to-date symlink: /home/subbu/slam_ws/install/ov_init/share/ov_init/local_setup.dsv
[1.439s] -- Symlinking: /home/subbu/slam_ws/install/ov_init/share/ov_init/package.dsv
[1.453s] -- Up-to-date symlink: /home/subbu/slam_ws/install/ov_init/share/ament_index/resource_index/packages/ov_init
[1.454s] -- Up-to-date symlink: /home/subbu/slam_ws/install/ov_init/share/ov_init/cmake/ament_cmake_export_include_directories-extras.cmake
[1.454s] -- Up-to-date symlink: /home/subbu/slam_ws/install/ov_init/share/ov_init/cmake/ament_cmake_export_libraries-extras.cmake
[1.455s] -- Up-to-date symlink: /home/subbu/slam_ws/install/ov_init/share/ov_init/cmake/ov_initConfig.cmake
[1.455s] -- Up-to-date symlink: /home/subbu/slam_ws/install/ov_init/share/ov_init/cmake/ov_initConfig-version.cmake
[1.456s] -- Up-to-date symlink: /home/subbu/slam_ws/install/ov_init/share/ov_init/package.xml
[1.457s] -- Up-to-date: /home/subbu/slam_ws/install/ov_init/lib/libov_init_lib.so
[1.458s] -- Up-to-date: /home/subbu/slam_ws/install/ov_init/include
[1.458s] -- Up-to-date: /home/subbu/slam_ws/install/ov_init/include/utils
[1.458s] -- Up-to-date: /home/subbu/slam_ws/install/ov_init/include/utils/helper.h
[1.459s] -- Up-to-date: /home/subbu/slam_ws/install/ov_init/include/sim
[1.459s] -- Up-to-date: /home/subbu/slam_ws/install/ov_init/include/sim/SimulatorInit.h
[1.459s] -- Up-to-date: /home/subbu/slam_ws/install/ov_init/include/init
[1.459s] -- Up-to-date: /home/subbu/slam_ws/install/ov_init/include/init/InertialInitializerOptions.h
[1.460s] -- Up-to-date: /home/subbu/slam_ws/install/ov_init/include/init/InertialInitializer.h
[1.460s] -- Up-to-date: /home/subbu/slam_ws/install/ov_init/include/ceres
[1.460s] -- Up-to-date: /home/subbu/slam_ws/install/ov_init/include/ceres/State_JPLQuatLocal.h
[1.460s] -- Up-to-date: /home/subbu/slam_ws/install/ov_init/include/ceres/Factor_ImuCPIv1.h
[1.460s] -- Up-to-date: /home/subbu/slam_ws/install/ov_init/include/ceres/Factor_GenericPrior.h
[1.461s] -- Up-to-date: /home/subbu/slam_ws/install/ov_init/include/ceres/Factor_ImageReprojCalib.h
[1.461s] -- Up-to-date: /home/subbu/slam_ws/install/ov_init/include/static
[1.461s] -- Up-to-date: /home/subbu/slam_ws/install/ov_init/include/static/StaticInitializer.h
[1.461s] -- Up-to-date: /home/subbu/slam_ws/install/ov_init/include/dynamic
[1.461s] -- Up-to-date: /home/subbu/slam_ws/install/ov_init/include/dynamic/DynamicInitializer.h
[1.462s] Invoked command in '/home/subbu/slam_ws/build/ov_init' returned '0': AMENT_PREFIX_PATH=/home/subbu/slam_ws/install/ov_core:${AMENT_PREFIX_PATH} CMAKE_PREFIX_PATH=/home/subbu/slam_ws/install/ov_core:/opt/ros/humble LD_LIBRARY_PATH=/home/subbu/slam_ws/install/ov_core/lib:${LD_LIBRARY_PATH} /usr/bin/cmake --install /home/subbu/slam_ws/build/ov_init
