[0.017s] Invoking command in '/home/subbu/slam_ws/build/ov_core': CMAKE_PREFIX_PATH=/opt/ros/humble /usr/bin/cmake /home/subbu/slam_ws/src/open_vins/ov_core -DCMAKE_INSTALL_PREFIX=/home/subbu/slam_ws/install/ov_core
[0.166s] -- OPENCV: 4.5.4 | BOOST: 1.74.0
[0.168s] -- PYTHON VERSION: 3.10.12
[0.168s] -- PYTHON INCLUDE: /usr/include/python3.10
[0.168s] -- PYTHON LIBRARIES: /usr/lib/x86_64-linux-gnu/libpython3.10.so
[0.334s] -- Override CMake install command with custom implementation using symlinks instead of copying resources
[0.364s] -- ROS *2* version found, building ROS2.cmake
[0.366s] -- Found rclcpp: 16.0.16 (/opt/ros/humble/share/rclcpp/cmake)
[0.423s] -- Found rosidl_generator_c: 3.1.7 (/opt/ros/humble/share/rosidl_generator_c/cmake)
[0.429s] -- Found rosidl_adapter: 3.1.7 (/opt/ros/humble/share/rosidl_adapter/cmake)
[0.443s] -- Found rosidl_generator_cpp: 3.1.7 (/opt/ros/humble/share/rosidl_generator_cpp/cmake)
[0.462s] -- Using all available rosidl_typesupport_c: rosidl_typesupport_fastrtps_c;rosidl_typesupport_introspection_c
[0.483s] -- Using all available rosidl_typesupport_cpp: rosidl_typesupport_fastrtps_cpp;rosidl_typesupport_introspection_cpp
[0.545s] -- Found rmw_implementation_cmake: 6.1.2 (/opt/ros/humble/share/rmw_implementation_cmake/cmake)
[0.549s] -- Found rmw_fastrtps_cpp: 6.2.9 (/opt/ros/humble/share/rmw_fastrtps_cpp/cmake)
[0.689s] -- Using RMW implementation 'rmw_fastrtps_cpp' as default
[0.782s] -- Found cv_bridge: 3.2.1 (/opt/ros/humble/share/cv_bridge/cmake)
[0.931s] -- Configuring done
[1.003s] -- Generating done
[1.014s] -- Build files have been written to: /home/subbu/slam_ws/build/ov_core
[1.023s] Invoked command in '/home/subbu/slam_ws/build/ov_core' returned '0': CMAKE_PREFIX_PATH=/opt/ros/humble /usr/bin/cmake /home/subbu/slam_ws/src/open_vins/ov_core -DCMAKE_INSTALL_PREFIX=/home/subbu/slam_ws/install/ov_core
[1.027s] Invoking command in '/home/subbu/slam_ws/build/ov_core': CMAKE_PREFIX_PATH=/opt/ros/humble /usr/bin/cmake --build /home/subbu/slam_ws/build/ov_core -- -j8 -l8
[1.097s] [35m[1mConsolidate compiler generated dependencies of target ov_core_lib[0m
[1.295s] [ 78%] Built target ov_core_lib
[1.315s] [35m[1mConsolidate compiler generated dependencies of target test_profile[0m
[1.315s] [35m[1mConsolidate compiler generated dependencies of target test_webcam[0m
[1.349s] [ 89%] Built target test_profile
[1.357s] [100%] Built target test_webcam
[1.371s] Invoked command in '/home/subbu/slam_ws/build/ov_core' returned '0': CMAKE_PREFIX_PATH=/opt/ros/humble /usr/bin/cmake --build /home/subbu/slam_ws/build/ov_core -- -j8 -l8
[1.384s] Invoking command in '/home/subbu/slam_ws/build/ov_core': CMAKE_PREFIX_PATH=/opt/ros/humble /usr/bin/cmake --install /home/subbu/slam_ws/build/ov_core
[1.394s] -- Install configuration: ""
[1.394s] -- Execute custom install script
[1.396s] -- Up-to-date symlink: /home/subbu/slam_ws/install/ov_core/share/ov_core/environment/library_path.sh
[1.396s] -- Up-to-date symlink: /home/subbu/slam_ws/install/ov_core/share/ov_core/environment/library_path.dsv
[1.397s] -- Up-to-date symlink: /home/subbu/slam_ws/install/ov_core/lib/ov_core/test_webcam
[1.397s] -- Up-to-date symlink: /home/subbu/slam_ws/install/ov_core/lib/ov_core/test_profile
[1.398s] -- Up-to-date symlink: /home/subbu/slam_ws/install/ov_core/share/ament_index/resource_index/package_run_dependencies/ov_core
[1.399s] -- Up-to-date symlink: /home/subbu/slam_ws/install/ov_core/share/ament_index/resource_index/parent_prefix_path/ov_core
[1.399s] -- Up-to-date symlink: /home/subbu/slam_ws/install/ov_core/share/ov_core/environment/ament_prefix_path.sh
[1.400s] -- Up-to-date symlink: /home/subbu/slam_ws/install/ov_core/share/ov_core/environment/ament_prefix_path.dsv
[1.400s] -- Up-to-date symlink: /home/subbu/slam_ws/install/ov_core/share/ov_core/environment/path.sh
[1.401s] -- Up-to-date symlink: /home/subbu/slam_ws/install/ov_core/share/ov_core/environment/path.dsv
[1.401s] -- Up-to-date symlink: /home/subbu/slam_ws/install/ov_core/share/ov_core/local_setup.bash
[1.402s] -- Up-to-date symlink: /home/subbu/slam_ws/install/ov_core/share/ov_core/local_setup.sh
[1.402s] -- Up-to-date symlink: /home/subbu/slam_ws/install/ov_core/share/ov_core/local_setup.zsh
[1.402s] -- Up-to-date symlink: /home/subbu/slam_ws/install/ov_core/share/ov_core/local_setup.dsv
[1.403s] -- Symlinking: /home/subbu/slam_ws/install/ov_core/share/ov_core/package.dsv
[1.414s] -- Up-to-date symlink: /home/subbu/slam_ws/install/ov_core/share/ament_index/resource_index/packages/ov_core
[1.415s] -- Up-to-date symlink: /home/subbu/slam_ws/install/ov_core/share/ov_core/cmake/ament_cmake_export_include_directories-extras.cmake
[1.415s] -- Up-to-date symlink: /home/subbu/slam_ws/install/ov_core/share/ov_core/cmake/ament_cmake_export_libraries-extras.cmake
[1.416s] -- Up-to-date symlink: /home/subbu/slam_ws/install/ov_core/share/ov_core/cmake/ov_coreConfig.cmake
[1.416s] -- Up-to-date symlink: /home/subbu/slam_ws/install/ov_core/share/ov_core/cmake/ov_coreConfig-version.cmake
[1.416s] -- Up-to-date symlink: /home/subbu/slam_ws/install/ov_core/share/ov_core/package.xml
[1.417s] -- Up-to-date: /home/subbu/slam_ws/install/ov_core/lib/libov_core_lib.so
[1.418s] -- Up-to-date: /home/subbu/slam_ws/install/ov_core/include
[1.418s] -- Up-to-date: /home/subbu/slam_ws/install/ov_core/include/utils
[1.418s] -- Up-to-date: /home/subbu/slam_ws/install/ov_core/include/utils/print.h
[1.419s] -- Up-to-date: /home/subbu/slam_ws/install/ov_core/include/utils/colors.h
[1.419s] -- Up-to-date: /home/subbu/slam_ws/install/ov_core/include/utils/opencv_lambda_body.h
[1.419s] -- Up-to-date: /home/subbu/slam_ws/install/ov_core/include/utils/quat_ops.h
[1.419s] -- Up-to-date: /home/subbu/slam_ws/install/ov_core/include/utils/opencv_yaml_parse.h
[1.419s] -- Up-to-date: /home/subbu/slam_ws/install/ov_core/include/utils/dataset_reader.h
[1.420s] -- Up-to-date: /home/subbu/slam_ws/install/ov_core/include/utils/sensor_data.h
[1.420s] -- Up-to-date: /home/subbu/slam_ws/install/ov_core/include/sim
[1.420s] -- Up-to-date: /home/subbu/slam_ws/install/ov_core/include/sim/BsplineSE3.h
[1.421s] -- Up-to-date: /home/subbu/slam_ws/install/ov_core/include/plot
[1.421s] -- Up-to-date: /home/subbu/slam_ws/install/ov_core/include/plot/matplotlibcpp.h
[1.421s] -- Up-to-date: /home/subbu/slam_ws/install/ov_core/include/track
[1.421s] -- Up-to-date: /home/subbu/slam_ws/install/ov_core/include/track/Grider_GRID.h
[1.421s] -- Up-to-date: /home/subbu/slam_ws/install/ov_core/include/track/TrackSIM.h
[1.422s] -- Up-to-date: /home/subbu/slam_ws/install/ov_core/include/track/TrackBase.h
[1.422s] -- Up-to-date: /home/subbu/slam_ws/install/ov_core/include/track/TrackDescriptor.h
[1.422s] -- Up-to-date: /home/subbu/slam_ws/install/ov_core/include/track/TrackAruco.h
[1.422s] -- Up-to-date: /home/subbu/slam_ws/install/ov_core/include/track/Grider_FAST.h
[1.422s] -- Up-to-date: /home/subbu/slam_ws/install/ov_core/include/track/TrackKLT.h
[1.422s] -- Up-to-date: /home/subbu/slam_ws/install/ov_core/include/types
[1.422s] -- Up-to-date: /home/subbu/slam_ws/install/ov_core/include/types/Vec.h
[1.423s] -- Up-to-date: /home/subbu/slam_ws/install/ov_core/include/types/JPLQuat.h
[1.423s] -- Up-to-date: /home/subbu/slam_ws/install/ov_core/include/types/Type.h
[1.423s] -- Up-to-date: /home/subbu/slam_ws/install/ov_core/include/types/PoseJPL.h
[1.423s] -- Up-to-date: /home/subbu/slam_ws/install/ov_core/include/types/LandmarkRepresentation.h
[1.423s] -- Up-to-date: /home/subbu/slam_ws/install/ov_core/include/types/Landmark.h
[1.423s] -- Up-to-date: /home/subbu/slam_ws/install/ov_core/include/types/IMU.h
[1.424s] -- Up-to-date: /home/subbu/slam_ws/install/ov_core/include/cpi
[1.424s] -- Up-to-date: /home/subbu/slam_ws/install/ov_core/include/cpi/CpiV1.h
[1.424s] -- Up-to-date: /home/subbu/slam_ws/install/ov_core/include/cpi/CpiV2.h
[1.424s] -- Up-to-date: /home/subbu/slam_ws/install/ov_core/include/cpi/CpiBase.h
[1.424s] -- Up-to-date: /home/subbu/slam_ws/install/ov_core/include/feat
[1.425s] -- Up-to-date: /home/subbu/slam_ws/install/ov_core/include/feat/FeatureInitializerOptions.h
[1.425s] -- Up-to-date: /home/subbu/slam_ws/install/ov_core/include/feat/FeatureDatabase.h
[1.425s] -- Up-to-date: /home/subbu/slam_ws/install/ov_core/include/feat/Feature.h
[1.426s] -- Up-to-date: /home/subbu/slam_ws/install/ov_core/include/feat/FeatureInitializer.h
[1.426s] -- Up-to-date: /home/subbu/slam_ws/install/ov_core/include/feat/FeatureHelper.h
[1.426s] -- Up-to-date: /home/subbu/slam_ws/install/ov_core/include/cam
[1.427s] -- Up-to-date: /home/subbu/slam_ws/install/ov_core/include/cam/CamRadtan.h
[1.427s] -- Up-to-date: /home/subbu/slam_ws/install/ov_core/include/cam/CamEqui.h
[1.427s] -- Up-to-date: /home/subbu/slam_ws/install/ov_core/include/cam/CamBase.h
[1.427s] Invoked command in '/home/subbu/slam_ws/build/ov_core' returned '0': CMAKE_PREFIX_PATH=/opt/ros/humble /usr/bin/cmake --install /home/subbu/slam_ws/build/ov_core
