[ 78%] Built target ov_core_lib
[ 89%] Built target test_profile
[100%] Built target test_webcam
-- Install configuration: ""
-- Execute custom install script
-- Up-to-date symlink: /home/subbu/slam_ws/install/ov_core/share/ov_core/environment/library_path.sh
-- Up-to-date symlink: /home/subbu/slam_ws/install/ov_core/share/ov_core/environment/library_path.dsv
-- Up-to-date symlink: /home/subbu/slam_ws/install/ov_core/lib/ov_core/test_webcam
-- Up-to-date symlink: /home/subbu/slam_ws/install/ov_core/lib/ov_core/test_profile
-- Up-to-date symlink: /home/subbu/slam_ws/install/ov_core/share/ament_index/resource_index/package_run_dependencies/ov_core
-- Up-to-date symlink: /home/subbu/slam_ws/install/ov_core/share/ament_index/resource_index/parent_prefix_path/ov_core
-- Up-to-date symlink: /home/subbu/slam_ws/install/ov_core/share/ov_core/environment/ament_prefix_path.sh
-- Up-to-date symlink: /home/subbu/slam_ws/install/ov_core/share/ov_core/environment/ament_prefix_path.dsv
-- Up-to-date symlink: /home/subbu/slam_ws/install/ov_core/share/ov_core/environment/path.sh
-- Up-to-date symlink: /home/subbu/slam_ws/install/ov_core/share/ov_core/environment/path.dsv
-- Up-to-date symlink: /home/subbu/slam_ws/install/ov_core/share/ov_core/local_setup.bash
-- Up-to-date symlink: /home/subbu/slam_ws/install/ov_core/share/ov_core/local_setup.sh
-- Up-to-date symlink: /home/subbu/slam_ws/install/ov_core/share/ov_core/local_setup.zsh
-- Up-to-date symlink: /home/subbu/slam_ws/install/ov_core/share/ov_core/local_setup.dsv
-- Symlinking: /home/subbu/slam_ws/install/ov_core/share/ov_core/package.dsv
-- Up-to-date symlink: /home/subbu/slam_ws/install/ov_core/share/ament_index/resource_index/packages/ov_core
-- Up-to-date symlink: /home/subbu/slam_ws/install/ov_core/share/ov_core/cmake/ament_cmake_export_include_directories-extras.cmake
-- Up-to-date symlink: /home/subbu/slam_ws/install/ov_core/share/ov_core/cmake/ament_cmake_export_libraries-extras.cmake
-- Up-to-date symlink: /home/subbu/slam_ws/install/ov_core/share/ov_core/cmake/ov_coreConfig.cmake
-- Up-to-date symlink: /home/subbu/slam_ws/install/ov_core/share/ov_core/cmake/ov_coreConfig-version.cmake
-- Up-to-date symlink: /home/subbu/slam_ws/install/ov_core/share/ov_core/package.xml
-- Up-to-date: /home/subbu/slam_ws/install/ov_core/lib/libov_core_lib.so
-- Up-to-date: /home/subbu/slam_ws/install/ov_core/include
-- Up-to-date: /home/subbu/slam_ws/install/ov_core/include/utils
-- Up-to-date: /home/subbu/slam_ws/install/ov_core/include/utils/print.h
-- Up-to-date: /home/subbu/slam_ws/install/ov_core/include/utils/colors.h
-- Up-to-date: /home/subbu/slam_ws/install/ov_core/include/utils/opencv_lambda_body.h
-- Up-to-date: /home/subbu/slam_ws/install/ov_core/include/utils/quat_ops.h
-- Up-to-date: /home/subbu/slam_ws/install/ov_core/include/utils/opencv_yaml_parse.h
-- Up-to-date: /home/subbu/slam_ws/install/ov_core/include/utils/dataset_reader.h
-- Up-to-date: /home/subbu/slam_ws/install/ov_core/include/utils/sensor_data.h
-- Up-to-date: /home/subbu/slam_ws/install/ov_core/include/sim
-- Up-to-date: /home/subbu/slam_ws/install/ov_core/include/sim/BsplineSE3.h
-- Up-to-date: /home/subbu/slam_ws/install/ov_core/include/plot
-- Up-to-date: /home/subbu/slam_ws/install/ov_core/include/plot/matplotlibcpp.h
-- Up-to-date: /home/subbu/slam_ws/install/ov_core/include/track
-- Up-to-date: /home/subbu/slam_ws/install/ov_core/include/track/Grider_GRID.h
-- Up-to-date: /home/subbu/slam_ws/install/ov_core/include/track/TrackSIM.h
-- Up-to-date: /home/subbu/slam_ws/install/ov_core/include/track/TrackBase.h
-- Up-to-date: /home/subbu/slam_ws/install/ov_core/include/track/TrackDescriptor.h
-- Up-to-date: /home/subbu/slam_ws/install/ov_core/include/track/TrackAruco.h
-- Up-to-date: /home/subbu/slam_ws/install/ov_core/include/track/Grider_FAST.h
-- Up-to-date: /home/subbu/slam_ws/install/ov_core/include/track/TrackKLT.h
-- Up-to-date: /home/subbu/slam_ws/install/ov_core/include/types
-- Up-to-date: /home/subbu/slam_ws/install/ov_core/include/types/Vec.h
-- Up-to-date: /home/subbu/slam_ws/install/ov_core/include/types/JPLQuat.h
-- Up-to-date: /home/subbu/slam_ws/install/ov_core/include/types/Type.h
-- Up-to-date: /home/subbu/slam_ws/install/ov_core/include/types/PoseJPL.h
-- Up-to-date: /home/subbu/slam_ws/install/ov_core/include/types/LandmarkRepresentation.h
-- Up-to-date: /home/subbu/slam_ws/install/ov_core/include/types/Landmark.h
-- Up-to-date: /home/subbu/slam_ws/install/ov_core/include/types/IMU.h
-- Up-to-date: /home/subbu/slam_ws/install/ov_core/include/cpi
-- Up-to-date: /home/subbu/slam_ws/install/ov_core/include/cpi/CpiV1.h
-- Up-to-date: /home/subbu/slam_ws/install/ov_core/include/cpi/CpiV2.h
-- Up-to-date: /home/subbu/slam_ws/install/ov_core/include/cpi/CpiBase.h
-- Up-to-date: /home/subbu/slam_ws/install/ov_core/include/feat
-- Up-to-date: /home/subbu/slam_ws/install/ov_core/include/feat/FeatureInitializerOptions.h
-- Up-to-date: /home/subbu/slam_ws/install/ov_core/include/feat/FeatureDatabase.h
-- Up-to-date: /home/subbu/slam_ws/install/ov_core/include/feat/Feature.h
-- Up-to-date: /home/subbu/slam_ws/install/ov_core/include/feat/FeatureInitializer.h
-- Up-to-date: /home/subbu/slam_ws/install/ov_core/include/feat/FeatureHelper.h
-- Up-to-date: /home/subbu/slam_ws/install/ov_core/include/cam
-- Up-to-date: /home/subbu/slam_ws/install/ov_core/include/cam/CamRadtan.h
-- Up-to-date: /home/subbu/slam_ws/install/ov_core/include/cam/CamEqui.h
-- Up-to-date: /home/subbu/slam_ws/install/ov_core/include/cam/CamBase.h
