[0.015s] Invoking command in '/home/subbu/slam_ws/build/ov_msckf': CMAKE_PREFIX_PATH=/home/subbu/slam_ws/install/ov_init:/home/subbu/slam_ws/install/ov_core:/home/subbu/slam_ws/install/ov_eval:/home/subbu/slam_ws/install/ov_data:/home/subbu/slam_ws/install/challenge_tools_ros:/opt/ros/humble LD_LIBRARY_PATH=/home/subbu/slam_ws/install/ov_init/lib:/home/subbu/slam_ws/install/ov_core/lib:/home/subbu/slam_ws/install/ov_eval/lib:/opt/ros/humble/opt/rviz_ogre_vendor/lib:/opt/ros/humble/lib/x86_64-linux-gnu:/opt/ros/humble/lib /usr/bin/cmake --build /home/subbu/slam_ws/build/ov_msckf -- -j8 -l8
[0.068s] [35m[1mConsolidate compiler generated dependencies of target ov_msckf_lib[0m
[0.086s] [  4%] [32mBuilding CXX object CMakeFiles/ov_msckf_lib.dir/src/state/State.cpp.o[0m
[0.086s] [ 13%] [32mBuilding CXX object CMakeFiles/ov_msckf_lib.dir/src/state/StateHelper.cpp.o[0m
[0.086s] [ 13%] [32mBuilding CXX object CMakeFiles/ov_msckf_lib.dir/src/state/Propagator.cpp.o[0m
[0.086s] [ 18%] [32mBuilding CXX object CMakeFiles/ov_msckf_lib.dir/src/core/VioManager.cpp.o[0m
[0.086s] [ 22%] [32mBuilding CXX object CMakeFiles/ov_msckf_lib.dir/src/sim/Simulator.cpp.o[0m
[0.087s] [ 27%] [32mBuilding CXX object CMakeFiles/ov_msckf_lib.dir/src/core/VioManagerHelper.cpp.o[0m
[0.088s] [ 31%] [32mBuilding CXX object CMakeFiles/ov_msckf_lib.dir/src/update/UpdaterHelper.cpp.o[0m
[0.096s] [ 36%] [32mBuilding CXX object CMakeFiles/ov_msckf_lib.dir/src/update/UpdaterMSCKF.cpp.o[0m
[2.700s] gmake[2]: *** [CMakeFiles/ov_msckf_lib.dir/build.make:104: CMakeFiles/ov_msckf_lib.dir/src/state/State.cpp.o] Interrupt
[2.700s] gmake[2]: *** [CMakeFiles/ov_msckf_lib.dir/build.make:118: CMakeFiles/ov_msckf_lib.dir/src/state/StateHelper.cpp.o] Interrupt
[2.700s] gmake[2]: *** [CMakeFiles/ov_msckf_lib.dir/build.make:160: CMakeFiles/ov_msckf_lib.dir/src/core/VioManagerHelper.cpp.o] Interrupt
[2.700s] gmake[2]: *** [CMakeFiles/ov_msckf_lib.dir/build.make:132: CMakeFiles/ov_msckf_lib.dir/src/state/Propagator.cpp.o] Interrupt
[2.701s] gmake[2]: *** [CMakeFiles/ov_msckf_lib.dir/build.make:188: CMakeFiles/ov_msckf_lib.dir/src/update/UpdaterMSCKF.cpp.o] Interrupt
[2.701s] gmake[2]: *** [CMakeFiles/ov_msckf_lib.dir/build.make:146: CMakeFiles/ov_msckf_lib.dir/src/core/VioManager.cpp.o] Interrupt
[2.701s] gmake[2]: *** [CMakeFiles/ov_msckf_lib.dir/build.make:90: CMakeFiles/ov_msckf_lib.dir/src/sim/Simulator.cpp.o] Interrupt
[2.701s] gmake[2]: *** [CMakeFiles/ov_msckf_lib.dir/build.make:174: CMakeFiles/ov_msckf_lib.dir/src/update/UpdaterHelper.cpp.o] Interrupt
[2.701s] gmake[1]: *** [CMakeFiles/Makefile2:145: CMakeFiles/ov_msckf_lib.dir/all] Interrupt
[2.702s] gmake: *** [Makefile:146: all] Interrupt
[2.726s] Invoked command in '/home/subbu/slam_ws/build/ov_msckf' returned '-2': CMAKE_PREFIX_PATH=/home/subbu/slam_ws/install/ov_init:/home/subbu/slam_ws/install/ov_core:/home/subbu/slam_ws/install/ov_eval:/home/subbu/slam_ws/install/ov_data:/home/subbu/slam_ws/install/challenge_tools_ros:/opt/ros/humble LD_LIBRARY_PATH=/home/subbu/slam_ws/install/ov_init/lib:/home/subbu/slam_ws/install/ov_core/lib:/home/subbu/slam_ws/install/ov_eval/lib:/opt/ros/humble/opt/rviz_ogre_vendor/lib:/opt/ros/humble/lib/x86_64-linux-gnu:/opt/ros/humble/lib /usr/bin/cmake --build /home/subbu/slam_ws/build/ov_msckf -- -j8 -l8
