-- The C compiler identification is GNU 11.4.0
-- The CXX compiler identification is GNU 11.4.0
-- Detecting C compiler ABI info
-- Detecting C compiler ABI info - done
-- Check for working C compiler: /usr/bin/cc - skipped
-- Detecting C compile features
-- Detecting C compile features - done
-- Detecting CXX compiler ABI info
-- Detecting CXX compiler ABI info - done
-- Check for working CXX compiler: /usr/bin/c++ - skipped
-- Detecting CXX compile features
-- Detecting CXX compile features - done
-- Found Python3: /usr/bin/python3 (found version "3.10.12") found components: Interpreter 
-- Override CMake install command with custom implementation using symlinks instead of copying resources
-- ROS *2* version found
-- Configuring done
-- Generating done
-- Build files have been written to: /home/subbu/slam_ws/build/ov_data
-- Install configuration: ""
-- Execute custom install script
-- Symlinking: /home/subbu/slam_ws/install/ov_data/share/ament_index/resource_index/package_run_dependencies/ov_data
-- Symlinking: /home/subbu/slam_ws/install/ov_data/share/ament_index/resource_index/parent_prefix_path/ov_data
-- Symlinking: /home/subbu/slam_ws/install/ov_data/share/ov_data/environment/ament_prefix_path.sh
-- Symlinking: /home/subbu/slam_ws/install/ov_data/share/ov_data/environment/ament_prefix_path.dsv
-- Symlinking: /home/subbu/slam_ws/install/ov_data/share/ov_data/environment/path.sh
-- Symlinking: /home/subbu/slam_ws/install/ov_data/share/ov_data/environment/path.dsv
-- Symlinking: /home/subbu/slam_ws/install/ov_data/share/ov_data/local_setup.bash
-- Symlinking: /home/subbu/slam_ws/install/ov_data/share/ov_data/local_setup.sh
-- Symlinking: /home/subbu/slam_ws/install/ov_data/share/ov_data/local_setup.zsh
-- Symlinking: /home/subbu/slam_ws/install/ov_data/share/ov_data/local_setup.dsv
-- Symlinking: /home/subbu/slam_ws/install/ov_data/share/ov_data/package.dsv
-- Symlinking: /home/subbu/slam_ws/install/ov_data/share/ament_index/resource_index/packages/ov_data
-- Symlinking: /home/subbu/slam_ws/install/ov_data/share/ov_data/cmake/ov_dataConfig.cmake
-- Symlinking: /home/subbu/slam_ws/install/ov_data/share/ov_data/cmake/ov_dataConfig-version.cmake
-- Symlinking: /home/subbu/slam_ws/install/ov_data/share/ov_data/package.xml
