[0.009s] Invoking command in '/home/subbu/slam_ws/build/ov_data': CMAKE_PREFIX_PATH=${CMAKE_PREFIX_PATH}:/opt/ros/humble /usr/bin/cmake /home/subbu/slam_ws/src/open_vins/ov_data -DCMAKE_INSTALL_PREFIX=/home/subbu/slam_ws/install/ov_data
[0.164s] -- Override CMake install command with custom implementation using symlinks instead of copying resources
[0.172s] -- ROS *2* version found
[0.247s] -- Configuring done
[0.251s] -- Generating done
[0.253s] -- Build files have been written to: /home/subbu/slam_ws/build/ov_data
[0.257s] Invoked command in '/home/subbu/slam_ws/build/ov_data' returned '0': CMAKE_PREFIX_PATH=${CMAKE_PREFIX_PATH}:/opt/ros/humble /usr/bin/cmake /home/subbu/slam_ws/src/open_vins/ov_data -DCMAKE_INSTALL_PREFIX=/home/subbu/slam_ws/install/ov_data
[0.258s] Invoking command in '/home/subbu/slam_ws/build/ov_data': CMAKE_PREFIX_PATH=${CMAKE_PREFIX_PATH}:/opt/ros/humble /usr/bin/cmake --build /home/subbu/slam_ws/build/ov_data -- -j8 -l8
[0.300s] Invoked command in '/home/subbu/slam_ws/build/ov_data' returned '0': CMAKE_PREFIX_PATH=${CMAKE_PREFIX_PATH}:/opt/ros/humble /usr/bin/cmake --build /home/subbu/slam_ws/build/ov_data -- -j8 -l8
[0.301s] Invoking command in '/home/subbu/slam_ws/build/ov_data': CMAKE_PREFIX_PATH=${CMAKE_PREFIX_PATH}:/opt/ros/humble /usr/bin/cmake --install /home/subbu/slam_ws/build/ov_data
[0.309s] -- Install configuration: ""
[0.310s] -- Execute custom install script
[0.310s] -- Up-to-date symlink: /home/subbu/slam_ws/install/ov_data/share/ament_index/resource_index/package_run_dependencies/ov_data
[0.311s] -- Up-to-date symlink: /home/subbu/slam_ws/install/ov_data/share/ament_index/resource_index/parent_prefix_path/ov_data
[0.311s] -- Up-to-date symlink: /home/subbu/slam_ws/install/ov_data/share/ov_data/environment/ament_prefix_path.sh
[0.311s] -- Up-to-date symlink: /home/subbu/slam_ws/install/ov_data/share/ov_data/environment/ament_prefix_path.dsv
[0.312s] -- Up-to-date symlink: /home/subbu/slam_ws/install/ov_data/share/ov_data/environment/path.sh
[0.312s] -- Up-to-date symlink: /home/subbu/slam_ws/install/ov_data/share/ov_data/environment/path.dsv
[0.312s] -- Up-to-date symlink: /home/subbu/slam_ws/install/ov_data/share/ov_data/local_setup.bash
[0.313s] -- Up-to-date symlink: /home/subbu/slam_ws/install/ov_data/share/ov_data/local_setup.sh
[0.313s] -- Up-to-date symlink: /home/subbu/slam_ws/install/ov_data/share/ov_data/local_setup.zsh
[0.313s] -- Up-to-date symlink: /home/subbu/slam_ws/install/ov_data/share/ov_data/local_setup.dsv
[0.313s] -- Symlinking: /home/subbu/slam_ws/install/ov_data/share/ov_data/package.dsv
[0.324s] -- Up-to-date symlink: /home/subbu/slam_ws/install/ov_data/share/ament_index/resource_index/packages/ov_data
[0.324s] -- Up-to-date symlink: /home/subbu/slam_ws/install/ov_data/share/ov_data/cmake/ov_dataConfig.cmake
[0.325s] -- Up-to-date symlink: /home/subbu/slam_ws/install/ov_data/share/ov_data/cmake/ov_dataConfig-version.cmake
[0.325s] -- Up-to-date symlink: /home/subbu/slam_ws/install/ov_data/share/ov_data/package.xml
[0.328s] Invoked command in '/home/subbu/slam_ws/build/ov_data' returned '0': CMAKE_PREFIX_PATH=${CMAKE_PREFIX_PATH}:/opt/ros/humble /usr/bin/cmake --install /home/subbu/slam_ws/build/ov_data
