-- The C compiler identification is GNU 11.4.0
-- The CXX compiler identification is GNU 11.4.0
-- Detecting C compiler ABI info
-- Detecting C compiler ABI info - done
-- Check for working C compiler: /usr/bin/cc - skipped
-- Detecting C compile features
-- Detecting C compile features - done
-- Detecting CXX compiler ABI info
-- Detecting CXX compiler ABI info - done
-- Check for working CXX compiler: /usr/bin/c++ - skipped
-- Detecting CXX compile features
-- Detecting CXX compile features - done
-- Found OpenCV: /usr (found suitable version "4.5.4", minimum required is "4") 
-- Found Boost: /usr/lib/x86_64-linux-gnu/cmake/Boost-1.74.0/BoostConfig.cmake (found version "1.74.0") found components: system filesystem thread date_time 
-- OPENCV: 4.5.4 | BOOST: 1.74.0
-- PYTHON VERSION: 3.10.12
-- PYTHON INCLUDE: /usr/include/python3.10
-- PYTHON LIBRARIES: /usr/lib/x86_64-linux-gnu/libpython3.10.so
-- Found Python3: /usr/bin/python3 (found version "3.10.12") found components: Interpreter 
-- Override CMake install command with custom implementation using symlinks instead of copying resources
-- ROS *2* version found, building ROS2.cmake
-- Found rclcpp: 16.0.16 (/opt/ros/humble/share/rclcpp/cmake)
-- Found rosidl_generator_c: 3.1.7 (/opt/ros/humble/share/rosidl_generator_c/cmake)
-- Found rosidl_adapter: 3.1.7 (/opt/ros/humble/share/rosidl_adapter/cmake)
-- Found rosidl_generator_cpp: 3.1.7 (/opt/ros/humble/share/rosidl_generator_cpp/cmake)
-- Using all available rosidl_typesupport_c: rosidl_typesupport_fastrtps_c;rosidl_typesupport_introspection_c
-- Using all available rosidl_typesupport_cpp: rosidl_typesupport_fastrtps_cpp;rosidl_typesupport_introspection_cpp
-- Found rmw_implementation_cmake: 6.1.2 (/opt/ros/humble/share/rmw_implementation_cmake/cmake)
-- Found rmw_fastrtps_cpp: 6.2.9 (/opt/ros/humble/share/rmw_fastrtps_cpp/cmake)
-- Found OpenSSL: /usr/lib/x86_64-linux-gnu/libcrypto.so (found version "3.0.2")  
-- Found FastRTPS: /opt/ros/humble/include  
-- Using RMW implementation 'rmw_fastrtps_cpp' as default
-- Found Threads: TRUE  
-- Found cv_bridge: 3.2.1 (/opt/ros/humble/share/cv_bridge/cmake)
-- Configuring done
-- Generating done
-- Build files have been written to: /home/subbu/slam_ws/build/ov_core
[  5%] [32mBuilding CXX object CMakeFiles/ov_core_lib.dir/src/cpi/CpiV1.cpp.o[0m
[ 15%] [32mBuilding CXX object CMakeFiles/ov_core_lib.dir/src/sim/BsplineSE3.cpp.o[0m
[ 10%] [32mBuilding CXX object CMakeFiles/ov_core_lib.dir/src/cpi/CpiV2.cpp.o[0m
[ 26%] [32mBuilding CXX object CMakeFiles/ov_core_lib.dir/src/track/TrackBase.cpp.o[0m
[ 26%] [32mBuilding CXX object CMakeFiles/ov_core_lib.dir/src/dummy.cpp.o[0m
[ 31%] [32mBuilding CXX object CMakeFiles/ov_core_lib.dir/src/track/TrackAruco.cpp.o[0m
[ 36%] [32mBuilding CXX object CMakeFiles/ov_core_lib.dir/src/track/TrackDescriptor.cpp.o[0m
[ 42%] [32mBuilding CXX object CMakeFiles/ov_core_lib.dir/src/track/TrackKLT.cpp.o[0m
[ 47%] [32mBuilding CXX object CMakeFiles/ov_core_lib.dir/src/track/TrackSIM.cpp.o[0m
[ 52%] [32mBuilding CXX object CMakeFiles/ov_core_lib.dir/src/types/Landmark.cpp.o[0m
[ 57%] [32mBuilding CXX object CMakeFiles/ov_core_lib.dir/src/feat/Feature.cpp.o[0m
[ 63%] [32mBuilding CXX object CMakeFiles/ov_core_lib.dir/src/feat/FeatureDatabase.cpp.o[0m
[ 68%] [32mBuilding CXX object CMakeFiles/ov_core_lib.dir/src/feat/FeatureInitializer.cpp.o[0m
[ 73%] [32mBuilding CXX object CMakeFiles/ov_core_lib.dir/src/utils/print.cpp.o[0m
[ 78%] [32m[1mLinking CXX shared library libov_core_lib.so[0m
[ 78%] Built target ov_core_lib
[ 89%] [32mBuilding CXX object CMakeFiles/test_webcam.dir/src/test_webcam.cpp.o[0m
[ 89%] [32mBuilding CXX object CMakeFiles/test_profile.dir/src/test_profile.cpp.o[0m
[ 94%] [32m[1mLinking CXX executable test_webcam[0m
[ 94%] Built target test_webcam
[100%] [32m[1mLinking CXX executable test_profile[0m
[100%] Built target test_profile
-- Install configuration: ""
-- Execute custom install script
-- Symlinking: /home/subbu/slam_ws/install/ov_core/share/ov_core/environment/library_path.sh
-- Symlinking: /home/subbu/slam_ws/install/ov_core/share/ov_core/environment/library_path.dsv
-- Symlinking: /home/subbu/slam_ws/install/ov_core/lib/ov_core/test_webcam
-- Symlinking: /home/subbu/slam_ws/install/ov_core/lib/ov_core/test_profile
-- Symlinking: /home/subbu/slam_ws/install/ov_core/share/ament_index/resource_index/package_run_dependencies/ov_core
-- Symlinking: /home/subbu/slam_ws/install/ov_core/share/ament_index/resource_index/parent_prefix_path/ov_core
-- Symlinking: /home/subbu/slam_ws/install/ov_core/share/ov_core/environment/ament_prefix_path.sh
-- Symlinking: /home/subbu/slam_ws/install/ov_core/share/ov_core/environment/ament_prefix_path.dsv
-- Symlinking: /home/subbu/slam_ws/install/ov_core/share/ov_core/environment/path.sh
-- Symlinking: /home/subbu/slam_ws/install/ov_core/share/ov_core/environment/path.dsv
-- Symlinking: /home/subbu/slam_ws/install/ov_core/share/ov_core/local_setup.bash
-- Symlinking: /home/subbu/slam_ws/install/ov_core/share/ov_core/local_setup.sh
-- Symlinking: /home/subbu/slam_ws/install/ov_core/share/ov_core/local_setup.zsh
-- Symlinking: /home/subbu/slam_ws/install/ov_core/share/ov_core/local_setup.dsv
-- Symlinking: /home/subbu/slam_ws/install/ov_core/share/ov_core/package.dsv
-- Symlinking: /home/subbu/slam_ws/install/ov_core/share/ament_index/resource_index/packages/ov_core
-- Symlinking: /home/subbu/slam_ws/install/ov_core/share/ov_core/cmake/ament_cmake_export_include_directories-extras.cmake
-- Symlinking: /home/subbu/slam_ws/install/ov_core/share/ov_core/cmake/ament_cmake_export_libraries-extras.cmake
-- Symlinking: /home/subbu/slam_ws/install/ov_core/share/ov_core/cmake/ov_coreConfig.cmake
-- Symlinking: /home/subbu/slam_ws/install/ov_core/share/ov_core/cmake/ov_coreConfig-version.cmake
-- Symlinking: /home/subbu/slam_ws/install/ov_core/share/ov_core/package.xml
-- Installing: /home/subbu/slam_ws/install/ov_core/lib/libov_core_lib.so
-- Set runtime path of "/home/subbu/slam_ws/install/ov_core/lib/libov_core_lib.so" to ""
-- Installing: /home/subbu/slam_ws/install/ov_core/include
-- Installing: /home/subbu/slam_ws/install/ov_core/include/utils
-- Installing: /home/subbu/slam_ws/install/ov_core/include/utils/print.h
-- Installing: /home/subbu/slam_ws/install/ov_core/include/utils/colors.h
-- Installing: /home/subbu/slam_ws/install/ov_core/include/utils/opencv_lambda_body.h
-- Installing: /home/subbu/slam_ws/install/ov_core/include/utils/quat_ops.h
-- Installing: /home/subbu/slam_ws/install/ov_core/include/utils/opencv_yaml_parse.h
-- Installing: /home/subbu/slam_ws/install/ov_core/include/utils/dataset_reader.h
-- Installing: /home/subbu/slam_ws/install/ov_core/include/utils/sensor_data.h
-- Installing: /home/subbu/slam_ws/install/ov_core/include/sim
-- Installing: /home/subbu/slam_ws/install/ov_core/include/sim/BsplineSE3.h
-- Installing: /home/subbu/slam_ws/install/ov_core/include/plot
-- Installing: /home/subbu/slam_ws/install/ov_core/include/plot/matplotlibcpp.h
-- Installing: /home/subbu/slam_ws/install/ov_core/include/track
-- Installing: /home/subbu/slam_ws/install/ov_core/include/track/Grider_GRID.h
-- Installing: /home/subbu/slam_ws/install/ov_core/include/track/TrackSIM.h
-- Installing: /home/subbu/slam_ws/install/ov_core/include/track/TrackBase.h
-- Installing: /home/subbu/slam_ws/install/ov_core/include/track/TrackDescriptor.h
-- Installing: /home/subbu/slam_ws/install/ov_core/include/track/TrackAruco.h
-- Installing: /home/subbu/slam_ws/install/ov_core/include/track/Grider_FAST.h
-- Installing: /home/subbu/slam_ws/install/ov_core/include/track/TrackKLT.h
-- Installing: /home/subbu/slam_ws/install/ov_core/include/types
-- Installing: /home/subbu/slam_ws/install/ov_core/include/types/Vec.h
-- Installing: /home/subbu/slam_ws/install/ov_core/include/types/JPLQuat.h
-- Installing: /home/subbu/slam_ws/install/ov_core/include/types/Type.h
-- Installing: /home/subbu/slam_ws/install/ov_core/include/types/PoseJPL.h
-- Installing: /home/subbu/slam_ws/install/ov_core/include/types/LandmarkRepresentation.h
-- Installing: /home/subbu/slam_ws/install/ov_core/include/types/Landmark.h
-- Installing: /home/subbu/slam_ws/install/ov_core/include/types/IMU.h
-- Installing: /home/subbu/slam_ws/install/ov_core/include/cpi
-- Installing: /home/subbu/slam_ws/install/ov_core/include/cpi/CpiV1.h
-- Installing: /home/subbu/slam_ws/install/ov_core/include/cpi/CpiV2.h
-- Installing: /home/subbu/slam_ws/install/ov_core/include/cpi/CpiBase.h
-- Installing: /home/subbu/slam_ws/install/ov_core/include/feat
-- Installing: /home/subbu/slam_ws/install/ov_core/include/feat/FeatureInitializerOptions.h
-- Installing: /home/subbu/slam_ws/install/ov_core/include/feat/FeatureDatabase.h
-- Installing: /home/subbu/slam_ws/install/ov_core/include/feat/Feature.h
-- Installing: /home/subbu/slam_ws/install/ov_core/include/feat/FeatureInitializer.h
-- Installing: /home/subbu/slam_ws/install/ov_core/include/feat/FeatureHelper.h
-- Installing: /home/subbu/slam_ws/install/ov_core/include/cam
-- Installing: /home/subbu/slam_ws/install/ov_core/include/cam/CamRadtan.h
-- Installing: /home/subbu/slam_ws/install/ov_core/include/cam/CamEqui.h
-- Installing: /home/subbu/slam_ws/install/ov_core/include/cam/CamBase.h
