[0.027s] Invoking command in '/home/subbu/slam_ws/build/ov_msckf': CMAKE_PREFIX_PATH=/home/subbu/slam_ws/install/ov_init:/home/subbu/slam_ws/install/ov_core:/home/subbu/slam_ws/install/ov_eval:/home/subbu/slam_ws/install/ov_data:/home/subbu/slam_ws/install/challenge_tools_ros:/opt/ros/humble LD_LIBRARY_PATH=/home/subbu/slam_ws/install/ov_init/lib:/home/subbu/slam_ws/install/ov_core/lib:/home/subbu/slam_ws/install/ov_eval/lib:/opt/ros/humble/opt/rviz_ogre_vendor/lib:/opt/ros/humble/lib/x86_64-linux-gnu:/opt/ros/humble/lib /usr/bin/cmake /home/subbu/slam_ws/src/open_vins/ov_msckf -DCMAKE_INSTALL_PREFIX=/home/subbu/slam_ws/install/ov_msckf
[0.382s] -- The C compiler identification is GNU 11.4.0
[0.613s] -- The CXX compiler identification is GNU 11.4.0
[0.627s] -- Detecting C compiler ABI info
[0.737s] -- Detecting C compiler ABI info - done
[0.748s] -- Check for working C compiler: /usr/bin/cc - skipped
[0.753s] -- Detecting C compile features
[0.754s] -- Detecting C compile features - done
[0.758s] -- Detecting CXX compiler ABI info
[0.869s] -- Detecting CXX compiler ABI info - done
[0.878s] -- Check for working CXX compiler: /usr/bin/c++ - skipped
[0.878s] -- Detecting CXX compile features
[0.879s] -- Detecting CXX compile features - done
[0.943s] -- Found OpenCV: /usr (found suitable version "4.5.4", minimum required is "4") 
[1.205s] -- Found Boost: /usr/lib/x86_64-linux-gnu/cmake/Boost-1.74.0/BoostConfig.cmake (found version "1.74.0") found components: system filesystem thread date_time 
[1.215s] -- Found Threads: TRUE  
[1.216s] -- Found required Ceres dependency: Eigen version 3.4.0 in /usr/include/eigen3
[1.225s] -- Found required Ceres dependency: glog
[1.226s] -- Found required Ceres dependency: gflags
[1.227s] -- Found Ceres version: 2.0.0 installed in: /usr with components: [EigenSparse, SparseLinearAlgebraLibrary, LAPACK, SuiteSparse, CXSparse, SchurSpecializations, Multithreading]
[1.227s] -- OPENCV: 4.5.4 | BOOST: 1.74.0 | CERES: 2.0.0
[1.446s] -- Found Python3: /usr/bin/python3 (found version "3.10.12") found components: Interpreter 
[1.583s] -- ROS *2* version found, building ROS2.cmake
[1.589s] -- Found rclcpp: 16.0.16 (/opt/ros/humble/share/rclcpp/cmake)
[1.666s] -- Found rosidl_generator_c: 3.1.7 (/opt/ros/humble/share/rosidl_generator_c/cmake)
[1.674s] -- Found rosidl_adapter: 3.1.7 (/opt/ros/humble/share/rosidl_adapter/cmake)
[1.689s] -- Found rosidl_generator_cpp: 3.1.7 (/opt/ros/humble/share/rosidl_generator_cpp/cmake)
[1.710s] -- Using all available rosidl_typesupport_c: rosidl_typesupport_fastrtps_c;rosidl_typesupport_introspection_c
[1.736s] -- Using all available rosidl_typesupport_cpp: rosidl_typesupport_fastrtps_cpp;rosidl_typesupport_introspection_cpp
[1.819s] -- Found rmw_implementation_cmake: 6.1.2 (/opt/ros/humble/share/rmw_implementation_cmake/cmake)
[1.824s] -- Found rmw_fastrtps_cpp: 6.2.9 (/opt/ros/humble/share/rmw_fastrtps_cpp/cmake)
[1.949s] -- Found OpenSSL: /usr/lib/x86_64-linux-gnu/libcrypto.so (found version "3.0.2")  
[1.988s] -- Found FastRTPS: /opt/ros/humble/include  
[2.033s] -- Using RMW implementation 'rmw_fastrtps_cpp' as default
[2.138s] -- Found tf2_ros: 0.25.17 (/opt/ros/humble/share/tf2_ros/cmake)
[2.314s] -- Found tf2_geometry_msgs: 0.25.17 (/opt/ros/humble/share/tf2_geometry_msgs/cmake)
[2.324s] -- Found eigen3_cmake_module: 0.1.1 (/opt/ros/humble/share/eigen3_cmake_module/cmake)
[2.327s] -- Found Eigen3: TRUE (found version "3.4.0") 
[2.327s] -- Ensuring Eigen3 include directory is part of orocos-kdl CMake target
[2.332s] -- Found sensor_msgs: 4.9.0 (/opt/ros/humble/share/sensor_msgs/cmake)
[2.364s] -- Found nav_msgs: 4.9.0 (/opt/ros/humble/share/nav_msgs/cmake)
[2.394s] -- Found cv_bridge: 3.2.1 (/opt/ros/humble/share/cv_bridge/cmake)
[2.400s] -- Found image_transport: 3.1.12 (/opt/ros/humble/share/image_transport/cmake)
[2.427s] -- Found ov_core: 2.7.0 (/home/subbu/slam_ws/install/ov_core/share/ov_core/cmake)
[2.432s] -- Found ov_init: 2.7.0 (/home/subbu/slam_ws/install/ov_init/share/ov_init/cmake)
[2.578s] -- Configuring done
[2.691s] -- Generating done
[2.708s] -- Build files have been written to: /home/subbu/slam_ws/build/ov_msckf
[2.722s] Invoked command in '/home/subbu/slam_ws/build/ov_msckf' returned '0': CMAKE_PREFIX_PATH=/home/subbu/slam_ws/install/ov_init:/home/subbu/slam_ws/install/ov_core:/home/subbu/slam_ws/install/ov_eval:/home/subbu/slam_ws/install/ov_data:/home/subbu/slam_ws/install/challenge_tools_ros:/opt/ros/humble LD_LIBRARY_PATH=/home/subbu/slam_ws/install/ov_init/lib:/home/subbu/slam_ws/install/ov_core/lib:/home/subbu/slam_ws/install/ov_eval/lib:/opt/ros/humble/opt/rviz_ogre_vendor/lib:/opt/ros/humble/lib/x86_64-linux-gnu:/opt/ros/humble/lib /usr/bin/cmake /home/subbu/slam_ws/src/open_vins/ov_msckf -DCMAKE_INSTALL_PREFIX=/home/subbu/slam_ws/install/ov_msckf
[2.726s] Invoking command in '/home/subbu/slam_ws/build/ov_msckf': CMAKE_PREFIX_PATH=/home/subbu/slam_ws/install/ov_init:/home/subbu/slam_ws/install/ov_core:/home/subbu/slam_ws/install/ov_eval:/home/subbu/slam_ws/install/ov_data:/home/subbu/slam_ws/install/challenge_tools_ros:/opt/ros/humble LD_LIBRARY_PATH=/home/subbu/slam_ws/install/ov_init/lib:/home/subbu/slam_ws/install/ov_core/lib:/home/subbu/slam_ws/install/ov_eval/lib:/opt/ros/humble/opt/rviz_ogre_vendor/lib:/opt/ros/humble/lib/x86_64-linux-gnu:/opt/ros/humble/lib /usr/bin/cmake --build /home/subbu/slam_ws/build/ov_msckf -- -j8 -l8
[2.807s] [  9%] [32mBuilding CXX object CMakeFiles/ov_msckf_lib.dir/src/sim/Simulator.cpp.o[0m
[2.808s] [  9%] [32mBuilding CXX object CMakeFiles/ov_msckf_lib.dir/src/dummy.cpp.o[0m
[2.808s] [ 13%] [32mBuilding CXX object CMakeFiles/ov_msckf_lib.dir/src/state/State.cpp.o[0m
[2.808s] [ 18%] [32mBuilding CXX object CMakeFiles/ov_msckf_lib.dir/src/state/StateHelper.cpp.o[0m
[2.808s] [ 22%] [32mBuilding CXX object CMakeFiles/ov_msckf_lib.dir/src/state/Propagator.cpp.o[0m
[2.809s] [ 27%] [32mBuilding CXX object CMakeFiles/ov_msckf_lib.dir/src/core/VioManager.cpp.o[0m
[2.809s] [ 31%] [32mBuilding CXX object CMakeFiles/ov_msckf_lib.dir/src/core/VioManagerHelper.cpp.o[0m
[2.809s] [ 36%] [32mBuilding CXX object CMakeFiles/ov_msckf_lib.dir/src/update/UpdaterHelper.cpp.o[0m
[2.890s] [ 40%] [32mBuilding CXX object CMakeFiles/ov_msckf_lib.dir/src/update/UpdaterMSCKF.cpp.o[0m
