-- Found ament_cmake: 1.3.12 (/opt/ros/humble/share/ament_cmake/cmake)
-- Found Python3: /usr/bin/python3 (found version "3.10.12") found components: Interpreter 
-- Override CMake install command with custom implementation using symlinks instead of copying resources
-- Found cv_bridge: 3.2.1 (/opt/ros/humble/share/cv_bridge/cmake)
-- Found rosidl_generator_c: 3.1.7 (/opt/ros/humble/share/rosidl_generator_c/cmake)
-- Found rosidl_adapter: 3.1.7 (/opt/ros/humble/share/rosidl_adapter/cmake)
-- Found rosidl_generator_cpp: 3.1.7 (/opt/ros/humble/share/rosidl_generator_cpp/cmake)
-- Using all available rosidl_typesupport_c: rosidl_typesupport_fastrtps_c;rosidl_typesupport_introspection_c
-- Using all available rosidl_typesupport_cpp: rosidl_typesupport_fastrtps_cpp;rosidl_typesupport_introspection_cpp
-- Found OpenCV: /usr (found version "4.5.4") found components: core 
-- Checking for module 'eigen3'
--   Found eigen3, version 3.4.0
-- Found Eigen: /usr/include/eigen3 (Required is at least version "3.1") 
-- Eigen found (include: /usr/include/eigen3, version: 3.4.0)
-- Checking for module 'libusb-1.0'
--   Found libusb-1.0, version 1.0.25
-- Found libusb: /usr/lib/x86_64-linux-gnu/libusb-1.0.so  
-- OpenNI found (version: 1.5.4.0, include: /usr/include/ni, lib: /usr/lib/libOpenNI.so;libusb::libusb)
-- OpenNI2 found (version: 2.2.0.33, include: /usr/include/openni2, lib: /usr/lib/x86_64-linux-gnu/libOpenNI2.so;libusb::libusb)
-- Eigen found (include: /usr/include/eigen3, version: 3.4.0)
-- Checking for module 'flann'
--   Found flann, version 1.9.1
-- Found FLANN: /usr/lib/x86_64-linux-gnu/libflann_cpp.so  
-- FLANN found (include: /usr/include, lib: /usr/lib/x86_64-linux-gnu/libflann_cpp.so)
-- Found Qhull version 8.0.2
-- OpenNI found (version: 1.5.4.0, include: /usr/include/ni, lib: /usr/lib/libOpenNI.so;libusb::libusb)
-- OpenNI2 found (version: 2.2.0.33, include: /usr/include/openni2, lib: /usr/lib/x86_64-linux-gnu/libOpenNI2.so;libusb::libusb)
-- Found PCL_COMMON: /usr/lib/x86_64-linux-gnu/libpcl_common.so  
-- Found PCL_OCTREE: /usr/lib/x86_64-linux-gnu/libpcl_octree.so  
-- Found PCL_IO: /usr/lib/x86_64-linux-gnu/libpcl_io.so  
-- Found PCL_SEARCH: /usr/lib/x86_64-linux-gnu/libpcl_search.so  
-- Found PCL_SAMPLE_CONSENSUS: /usr/lib/x86_64-linux-gnu/libpcl_sample_consensus.so  
-- Found PCL_FILTERS: /usr/lib/x86_64-linux-gnu/libpcl_filters.so  
-- Found PCL_KDTREE: /usr/lib/x86_64-linux-gnu/libpcl_kdtree.so  
-- Found PCL_SURFACE: /usr/lib/x86_64-linux-gnu/libpcl_surface.so  
-- Found PCL_GEOMETRY: /usr/include/pcl-1.12  
-- Found PCL_VISUALIZATION: /usr/lib/x86_64-linux-gnu/libpcl_visualization.so  
-- Found pcl_conversions: 2.4.5 (/opt/ros/humble/share/pcl_conversions/cmake)
-- Found rmw_implementation_cmake: 6.1.2 (/opt/ros/humble/share/rmw_implementation_cmake/cmake)
-- Found rmw_fastrtps_cpp: 6.2.9 (/opt/ros/humble/share/rmw_fastrtps_cpp/cmake)
-- Found OpenSSL: /usr/lib/x86_64-linux-gnu/libcrypto.so (found version "3.0.2")  
-- Found FastRTPS: /opt/ros/humble/include  
-- Using RMW implementation 'rmw_fastrtps_cpp' as default
-- Found Threads: TRUE  
-- Found tf2_ros: 0.25.17 (/opt/ros/humble/share/tf2_ros/cmake)
-- Found tf2_eigen: 0.25.17 (/opt/ros/humble/share/tf2_eigen/cmake)
-- Found nav_msgs: 4.9.0 (/opt/ros/humble/share/nav_msgs/cmake)
-- Found std_srvs: 4.9.0 (/opt/ros/humble/share/std_srvs/cmake)
-- Configuring done
-- Generating done
-- Build files have been written to: /home/subbu/slam_ws/build/challenge_tools_ros
Built target ament_cmake_python_symlink_challenge_tools_ros
running egg_info
creating challenge_tools_ros.egg-info
writing challenge_tools_ros.egg-info/PKG-INFO
writing dependency_links to challenge_tools_ros.egg-info/dependency_links.txt
writing top-level names to challenge_tools_ros.egg-info/top_level.txt
writing manifest file 'challenge_tools_ros.egg-info/SOURCES.txt'
reading manifest file 'challenge_tools_ros.egg-info/SOURCES.txt'
writing manifest file 'challenge_tools_ros.egg-info/SOURCES.txt'
Built target ament_cmake_python_build_challenge_tools_ros_egg
-- Install configuration: "Release"
-- Execute custom install script
-- Symlinking: /home/subbu/slam_ws/install/challenge_tools_ros/share/challenge_tools_ros/environment/pythonpath.sh
-- Symlinking: /home/subbu/slam_ws/install/challenge_tools_ros/share/challenge_tools_ros/environment/pythonpath.dsv
-- Symlinking: /home/subbu/slam_ws/install/challenge_tools_ros/local/lib/python3.10/dist-packages/challenge_tools_ros-0.16.0-py3.10.egg-info/PKG-INFO
-- Symlinking: /home/subbu/slam_ws/install/challenge_tools_ros/local/lib/python3.10/dist-packages/challenge_tools_ros-0.16.0-py3.10.egg-info/SOURCES.txt
-- Symlinking: /home/subbu/slam_ws/install/challenge_tools_ros/local/lib/python3.10/dist-packages/challenge_tools_ros-0.16.0-py3.10.egg-info/dependency_links.txt
-- Symlinking: /home/subbu/slam_ws/install/challenge_tools_ros/local/lib/python3.10/dist-packages/challenge_tools_ros-0.16.0-py3.10.egg-info/top_level.txt
-- Symlinking: /home/subbu/slam_ws/install/challenge_tools_ros/local/lib/python3.10/dist-packages/challenge_tools_ros/README.md
-- Symlinking: /home/subbu/slam_ws/install/challenge_tools_ros/local/lib/python3.10/dist-packages/challenge_tools_ros/__init__.py
-- Symlinking: /home/subbu/slam_ws/install/challenge_tools_ros/lib/challenge_tools_ros/map_server.py
-- Symlinking: /home/subbu/slam_ws/install/challenge_tools_ros/lib/challenge_tools_ros/apply_image_mask.py
-- Symlinking: /home/subbu/slam_ws/install/challenge_tools_ros/lib/challenge_tools_ros/image_conversion_node.py
-- Symlinking: /home/subbu/slam_ws/install/challenge_tools_ros/lib/challenge_tools_ros/rotate_image_180.py
-- Symlinking: /home/subbu/slam_ws/install/challenge_tools_ros/lib/challenge_tools_ros/groundtruth_converter.py
-- Symlinking: /home/subbu/slam_ws/install/challenge_tools_ros/lib/challenge_tools_ros/groundtruth_server.py
-- Symlinking: /home/subbu/slam_ws/install/challenge_tools_ros/lib/challenge_tools_ros/challenge_tools_lib.py
-- Symlinking: /home/subbu/slam_ws/install/challenge_tools_ros/lib/challenge_tools_ros/ros2bag_to_euroc.py
-- Symlinking: /home/subbu/slam_ws/install/challenge_tools_ros/share/ament_index/resource_index/package_run_dependencies/challenge_tools_ros
-- Symlinking: /home/subbu/slam_ws/install/challenge_tools_ros/share/ament_index/resource_index/parent_prefix_path/challenge_tools_ros
-- Symlinking: /home/subbu/slam_ws/install/challenge_tools_ros/share/challenge_tools_ros/environment/ament_prefix_path.sh
-- Symlinking: /home/subbu/slam_ws/install/challenge_tools_ros/share/challenge_tools_ros/environment/ament_prefix_path.dsv
-- Symlinking: /home/subbu/slam_ws/install/challenge_tools_ros/share/challenge_tools_ros/environment/path.sh
-- Symlinking: /home/subbu/slam_ws/install/challenge_tools_ros/share/challenge_tools_ros/environment/path.dsv
-- Symlinking: /home/subbu/slam_ws/install/challenge_tools_ros/share/challenge_tools_ros/local_setup.bash
-- Symlinking: /home/subbu/slam_ws/install/challenge_tools_ros/share/challenge_tools_ros/local_setup.sh
-- Symlinking: /home/subbu/slam_ws/install/challenge_tools_ros/share/challenge_tools_ros/local_setup.zsh
-- Symlinking: /home/subbu/slam_ws/install/challenge_tools_ros/share/challenge_tools_ros/local_setup.dsv
-- Symlinking: /home/subbu/slam_ws/install/challenge_tools_ros/share/challenge_tools_ros/package.dsv
-- Symlinking: /home/subbu/slam_ws/install/challenge_tools_ros/share/ament_index/resource_index/packages/challenge_tools_ros
-- Symlinking: /home/subbu/slam_ws/install/challenge_tools_ros/share/challenge_tools_ros/cmake/ament_cmake_export_dependencies-extras.cmake
-- Symlinking: /home/subbu/slam_ws/install/challenge_tools_ros/share/challenge_tools_ros/cmake/challenge_tools_rosConfig.cmake
-- Symlinking: /home/subbu/slam_ws/install/challenge_tools_ros/share/challenge_tools_ros/cmake/challenge_tools_rosConfig-version.cmake
-- Symlinking: /home/subbu/slam_ws/install/challenge_tools_ros/share/challenge_tools_ros/package.xml
Listing '/home/subbu/slam_ws/install/challenge_tools_ros/local/lib/python3.10/dist-packages/challenge_tools_ros'...
Compiling '/home/subbu/slam_ws/install/challenge_tools_ros/local/lib/python3.10/dist-packages/challenge_tools_ros/__init__.py'...
-- Installing: /home/subbu/slam_ws/install/challenge_tools_ros/share/challenge_tools_ros/config
-- Installing: /home/subbu/slam_ws/install/challenge_tools_ros/share/challenge_tools_ros/config/hilti_openvins
-- Installing: /home/subbu/slam_ws/install/challenge_tools_ros/share/challenge_tools_ros/config/hilti_openvins/mask_cam0.png
-- Installing: /home/subbu/slam_ws/install/challenge_tools_ros/share/challenge_tools_ros/config/hilti_openvins/kalibr_imucam_chain.yaml
-- Installing: /home/subbu/slam_ws/install/challenge_tools_ros/share/challenge_tools_ros/config/hilti_openvins/mask_cam1.png
-- Installing: /home/subbu/slam_ws/install/challenge_tools_ros/share/challenge_tools_ros/config/hilti_openvins/kalibr_imu_chain.yaml
-- Installing: /home/subbu/slam_ws/install/challenge_tools_ros/share/challenge_tools_ros/config/hilti_openvins/estimator_config.yaml
-- Installing: /home/subbu/slam_ws/install/challenge_tools_ros/share/challenge_tools_ros/config/procman.pmd
-- Installing: /home/subbu/slam_ws/install/challenge_tools_ros/share/challenge_tools_ros/config/rviz
-- Installing: /home/subbu/slam_ws/install/challenge_tools_ros/share/challenge_tools_ros/config/rviz/rviz_ov.rviz
-- Installing: /home/subbu/slam_ws/install/challenge_tools_ros/share/challenge_tools_ros/config/rviz/rviz_map_server.rviz
-- Installing: /home/subbu/slam_ws/install/challenge_tools_ros/share/challenge_tools_ros/config/rviz/rviz_ov_and_map_server.rviz
-- Installing: /home/subbu/slam_ws/install/challenge_tools_ros/share/challenge_tools_ros/config/hilti_stella_vslam
-- Installing: /home/subbu/slam_ws/install/challenge_tools_ros/share/challenge_tools_ros/config/hilti_stella_vslam/equirectangular.yaml
-- Installing: /home/subbu/slam_ws/install/challenge_tools_ros/share/challenge_tools_ros/config/hilti_stella_vslam/orb_vocab.fbow
-- Installing: /home/subbu/slam_ws/install/challenge_tools_ros/share/challenge_tools_ros/config/hilti_stella_vslam/fisheye.yaml
-- Installing: /home/subbu/slam_ws/install/challenge_tools_ros/share/challenge_tools_ros/launch
-- Installing: /home/subbu/slam_ws/install/challenge_tools_ros/share/challenge_tools_ros/launch/run_openvins.launch.py
-- Installing: /home/subbu/slam_ws/install/challenge_tools_ros/share/challenge_tools_ros/launch/apply_image_mask_dual.launch
-- Installing: /home/subbu/slam_ws/install/challenge_tools_ros/share/challenge_tools_ros/launch/rviz_map_server.launch
-- Installing: /home/subbu/slam_ws/install/challenge_tools_ros/share/challenge_tools_ros/launch/run_stella_vslam.launch.py
-- Installing: /home/subbu/slam_ws/install/challenge_tools_ros/share/challenge_tools_ros/launch/rviz_ov_and_map_server.launch
-- Installing: /home/subbu/slam_ws/install/challenge_tools_ros/share/challenge_tools_ros/launch/groundtruth_server.launch
-- Installing: /home/subbu/slam_ws/install/challenge_tools_ros/share/challenge_tools_ros/launch/map_server.launch
-- Installing: /home/subbu/slam_ws/install/challenge_tools_ros/share/challenge_tools_ros/launch/rviz_ov.launch
-- Installing: /home/subbu/slam_ws/install/challenge_tools_ros/share/challenge_tools_ros/floorplans
-- Installing: /home/subbu/slam_ws/install/challenge_tools_ros/share/challenge_tools_ros/floorplans/floor_2.png
-- Installing: /home/subbu/slam_ws/install/challenge_tools_ros/share/challenge_tools_ros/floorplans/floor_1.png
-- Installing: /home/subbu/slam_ws/install/challenge_tools_ros/share/challenge_tools_ros/floorplans/floor_UG.png
-- Installing: /home/subbu/slam_ws/install/challenge_tools_ros/share/challenge_tools_ros/groundtruth
-- Installing: /home/subbu/slam_ws/install/challenge_tools_ros/share/challenge_tools_ros/groundtruth/floor_2_2025-05-05_run_1
-- Installing: /home/subbu/slam_ws/install/challenge_tools_ros/share/challenge_tools_ros/groundtruth/floor_2_2025-05-05_run_1/aligned_frame_trajectory_3d_2d_gt.bin
-- Installing: /home/subbu/slam_ws/install/challenge_tools_ros/share/challenge_tools_ros/groundtruth/floor_2_2025-05-05_run_1/gt_poses.csv
-- Installing: /home/subbu/slam_ws/install/challenge_tools_ros/share/challenge_tools_ros/groundtruth/floor_1_2025-05-05_run_1
-- Installing: /home/subbu/slam_ws/install/challenge_tools_ros/share/challenge_tools_ros/groundtruth/floor_1_2025-05-05_run_1/aligned_frame_trajectory_3d_2d_gt.bin
-- Installing: /home/subbu/slam_ws/install/challenge_tools_ros/share/challenge_tools_ros/groundtruth/floor_1_2025-05-05_run_1/gt_poses.csv
-- Installing: /home/subbu/slam_ws/install/challenge_tools_ros/share/challenge_tools_ros/groundtruth/floor_2_2025-10-28_run_1
-- Installing: /home/subbu/slam_ws/install/challenge_tools_ros/share/challenge_tools_ros/groundtruth/floor_2_2025-10-28_run_1/aligned_frame_trajectory_3d_2d_gt.bin
-- Installing: /home/subbu/slam_ws/install/challenge_tools_ros/share/challenge_tools_ros/groundtruth/floor_2_2025-10-28_run_1/gt_poses.csv
-- Installing: /home/subbu/slam_ws/install/challenge_tools_ros/share/challenge_tools_ros/groundtruth/floor_UG_2025-10-16_run_1
-- Installing: /home/subbu/slam_ws/install/challenge_tools_ros/share/challenge_tools_ros/groundtruth/floor_UG_2025-10-16_run_1/aligned_frame_trajectory_3d_2d_gt.bin
-- Installing: /home/subbu/slam_ws/install/challenge_tools_ros/share/challenge_tools_ros/groundtruth/floor_UG_2025-10-16_run_1/gt_poses.csv
-- Installing: /home/subbu/slam_ws/install/challenge_tools_ros/share/challenge_tools_ros/groundtruth/floor_2_2025-10-28_run_2
-- Installing: /home/subbu/slam_ws/install/challenge_tools_ros/share/challenge_tools_ros/groundtruth/floor_2_2025-10-28_run_2/aligned_frame_trajectory_3d_2d_gt.bin
-- Installing: /home/subbu/slam_ws/install/challenge_tools_ros/share/challenge_tools_ros/groundtruth/floor_2_2025-10-28_run_2/gt_poses.csv
